0001|200|https://iwage.co/
0002|200|https://iwage.co/ayuda/
0006|200|https://iwage.co/ayuda/equipo/gestion-reservas
0005|200|https://iwage.co/ayuda/equipo/contenido-tipos
0003|200|https://iwage.co/ayuda/equipo/
0004|200|https://iwage.co/ayuda/equipo/configuracion
0008|200|https://iwage.co/ayuda/equipo/pagos
0007|200|https://iwage.co/ayuda/equipo/ordenes
0010|200|https://iwage.co/ayuda/equipo/reservas-admin
0012|200|https://iwage.co/ayuda/equipo/strapi-cms
0009|200|https://iwage.co/ayuda/equipo/portal-aliados
0011|200|https://iwage.co/ayuda/equipo/sincronizacion
0013|200|https://iwage.co/ayuda/usuarios/
0014|200|https://iwage.co/ayuda/usuarios/carrito
0015|200|https://iwage.co/ayuda/usuarios/explorar-plataforma
0016|200|https://iwage.co/ayuda/usuarios/herramientas
0018|200|https://iwage.co/ayuda/usuarios/mi-cuenta
0017|200|https://iwage.co/ayuda/usuarios/marcas
0021|200|https://iwage.co/ayuda/usuarios/tienda
0020|200|https://iwage.co/ayuda/usuarios/reservas
0022|200|https://iwage.co/cafe/
0019|200|https://iwage.co/ayuda/usuarios/pedidos
0024|200|https://iwage.co/cafe/contacto
0025|200|https://iwage.co/cafe/menu
0026|200|https://iwage.co/cafe/nosotros
0028|200|https://iwage.co/cafe/recetas
0023|200|https://iwage.co/cafe/ayuda
0027|200|https://iwage.co/cafe/proveedores
0030|200|https://iwage.co/gestion/alojamientos
0029|200|https://iwage.co/gestion/
0031|200|https://iwage.co/gestion/alojamientos/casa-guamo-renta-corta
0034|200|https://iwage.co/gestion/alojamientos/villa-serena-segunda-residencia
0035|200|https://iwage.co/gestion/ayuda
0032|200|https://iwage.co/gestion/alojamientos/ecoretiro-ambala-operacion-turistica
0033|200|https://iwage.co/gestion/alojamientos/finca-el-carmen-productiva
0036|200|https://iwage.co/gestion/contacto
0038|200|https://iwage.co/gestion/propietarios
0037|200|https://iwage.co/gestion/experiencias
0039|200|https://iwage.co/gestion/propietarios/finca-productiva
0040|200|https://iwage.co/gestion/propietarios/modelo-alianzas
0042|200|https://iwage.co/gestion/propietarios/renta-corta
0041|200|https://iwage.co/gestion/propietarios/operacion-turistica
0043|200|https://iwage.co/gestion/propietarios/segunda-residencia
0044|200|https://iwage.co/granja/
0048|200|https://iwage.co/granja/bitacora/bioarquitectura-terrenos
0047|200|https://iwage.co/granja/bitacora/agroecosistema-productivo
0045|200|https://iwage.co/granja/ayuda
0046|200|https://iwage.co/granja/bitacora
0050|200|https://iwage.co/granja/bitacora/climatizacion-olores
0049|200|https://iwage.co/granja/bitacora/biorefineria-domestica
0051|200|https://iwage.co/granja/bitacora/compostaje-rural-como-cerrar-el-ciclo-de-nutrientes-en-la-finca
0052|200|https://iwage.co/granja/bitacora/cuaderno-campo
0053|200|https://iwage.co/granja/bitacora/diario-sistema-autosustentable
0054|200|https://iwage.co/granja/bitacora/edge-computing-rural-como-un-esp32-sobrevive-meses-con-dos-baterias-y-sin-internet-confiable
0055|200|https://iwage.co/granja/bitacora/esg-sin-greenwashing
0056|200|https://iwage.co/granja/bitacora/estrategia-de-financiacion-por-fases-escalar-sin-pedir-capital-antes-de-tener-ev
0057|200|https://iwage.co/granja/bitacora/gestion-hidrica
0058|200|https://iwage.co/granja/bitacora/granja-peri-urbana
0059|200|https://iwage.co/granja/bitacora/home-assistant
0061|200|https://iwage.co/granja/bitacora/meliponario-iwage-subsistema-vivo
0060|200|https://iwage.co/granja/bitacora/marco-regulatorio
0064|200|https://iwage.co/granja/bitacora/solar-offgrid
0063|200|https://iwage.co/granja/bitacora/sistema-autosustentable-ancla
0062|200|https://iwage.co/granja/bitacora/muebles-airbnb
0065|200|https://iwage.co/granja/bitacora/viabilidad-practica
0066|200|https://iwage.co/granja/contacto
0067|200|https://iwage.co/granja/experimentos
0068|200|https://iwage.co/granja/experimentos/agroecosistema-productivo
0069|200|https://iwage.co/granja/experimentos/bioarquitectura
0070|200|https://iwage.co/granja/experimentos/biorefineria-domestica
0071|200|https://iwage.co/granja/experimentos/gemelo-digital-granja
0073|200|https://iwage.co/granja/experimentos/marco-regulatorio-sistema-autosustentable
0072|200|https://iwage.co/granja/experimentos/gestion-hidrica-ciclo-cerrado
0075|200|https://iwage.co/granja/experimentos/modelo-financiero-granja-peri-urbana
0074|200|https://iwage.co/granja/experimentos/meliponario-iwage
0077|200|https://iwage.co/granja/experimentos/sistema-solar-off-grid
0076|200|https://iwage.co/granja/experimentos/sistema-autosustentable-iwage
0078|200|https://iwage.co/granja/nosotros
0079|200|https://iwage.co/granja/sistema
0080|200|https://iwage.co/granja/tienda
0082|200|https://iwage.co/granja/tienda/compost-madurado-bulto
0081|200|https://iwage.co/granja/tienda/canasta-hortalizas-temporada
0085|200|https://iwage.co/granja/tienda/plantulas-nativas
0083|200|https://iwage.co/granja/tienda/granja-visita-guiada
0087|200|https://iwage.co/legal/
0084|200|https://iwage.co/granja/tienda/huevos-gallina-feliz-docena
0086|200|https://iwage.co/granja/visitas
0090|200|https://iwage.co/legal/devoluciones-y-retracto
0089|200|https://iwage.co/legal/cookies
0091|200|https://iwage.co/legal/terminos-y-condiciones
0088|200|https://iwage.co/legal/cancelaciones-y-reembolsos
0092|200|https://iwage.co/legal/tratamiento-de-datos
0093|200|https://iwage.co/meliponas/
0094|200|https://iwage.co/meliponas/ayuda
0095|200|https://iwage.co/meliponas/bitacora
0097|200|https://iwage.co/meliponas/bitacora/cafe-agroecologico-iwage
0096|200|https://iwage.co/meliponas/bitacora/abejas-sin-aguijon-cosmovision-pijao
0098|200|https://iwage.co/meliponas/bitacora/cajas-inpa-vs-af-c2-b7-comparativas
0099|200|https://iwage.co/meliponas/bitacora/caso-la-finca-de-don-manuel
0100|200|https://iwage.co/meliponas/bitacora/como-atraer-una-colonia-de-angelitas-sin-comprarla-batumen-feromonas-y-la-trampa-que-funciona
0102|200|https://iwage.co/meliponas/bitacora/conservacion-y-cosecha-de-miel-angelita-humedad-frio-fermentacion-y-extraccion
0101|200|https://iwage.co/meliponas/bitacora/conservacion-y-cosecha-de-miel
0103|200|https://iwage.co/meliponas/bitacora/corredor-ambala-parque-tacuray
0105|200|https://iwage.co/meliponas/bitacora/de-la-colmena-a-la-taza
0104|200|https://iwage.co/meliponas/bitacora/cuando-la-abeja-llega-al-cultivo
0106|200|https://iwage.co/meliponas/bitacora/division-colonias-angelita-tetragonisca-angustula
0107|200|https://iwage.co/meliponas/bitacora/el-botiquin-natural-recetas-con-miel-de-angelita-y-propoleos
0109|200|https://iwage.co/meliponas/bitacora/el-sabor-del-territorio-por-que-la-miel-de-angelita-es-naturalmente-mas-acida
0108|200|https://iwage.co/meliponas/bitacora/el-jardin-suspendido-10-plantas-en-matera-que-complementan-la-flora-del-meliponario
0110|200|https://iwage.co/meliponas/bitacora/fermentacion-burbujas-y-un-frasco-que-explota
0112|200|https://iwage.co/meliponas/bitacora/guia-completa-de-meliponicultura-atraccion-captura-trasiego-manejo-y-division-de-colonias-de-angelita
0111|200|https://iwage.co/meliponas/bitacora/flora-melifera-nativa
0114|200|https://iwage.co/meliponas/bitacora/la-ruta-de-la-miel-del-nido-silvestre-a-tu-frasco
0113|200|https://iwage.co/meliponas/bitacora/la-miel-de-angelita-y-el-chef-maridajes-y-aplicaciones-en-la-alta-cocina
0116|200|https://iwage.co/meliponas/bitacora/lote-l25-05-001-cosecha-mayo
0115|200|https://iwage.co/meliponas/bitacora/las-heroinas-de-la-guadua-rota
0117|200|https://iwage.co/meliponas/bitacora/miel-angelita-recetas-cocteleria-preparaciones
0118|200|https://iwage.co/meliponas/bitacora/miel-angelita-vs-apis-mellifera
0119|200|https://iwage.co/meliponas/bitacora/modulo-1-que-son-las-abejas-meliponas
0120|200|https://iwage.co/meliponas/bitacora/modulo-2-c2-b7-especies-de-meliponas-en-colombia-region-central
0121|200|https://iwage.co/meliponas/bitacora/modulo-3-c2-b7-el-nido-por-dentro
0122|200|https://iwage.co/meliponas/bitacora/modulo-4-c2-b7-el-trasiego-o-mudanza-de-nido
0124|200|https://iwage.co/meliponas/bitacora/modulo-7-c2-b7-alimentacion-suplementaria-cuando-que-y-como
0123|200|https://iwage.co/meliponas/bitacora/modulo-5-c2-b7-manejo-y-revision-periodica
0125|200|https://iwage.co/meliponas/bitacora/modulo-8-c2-b7-plagas-y-enfermedades-identificacion-y-control
0126|200|https://iwage.co/meliponas/bitacora/por-que-la-miel-del-corredor-ambala-sabe-diferente-a-la-del-huila
0128|200|https://iwage.co/meliponas/bitacora/pureza-en-la-miel-de-angelita-lo-que-no-es-adulteracion
0127|200|https://iwage.co/meliponas/bitacora/propiedades-medicinales-miel-angelita
0129|200|https://iwage.co/meliponas/bitacora/quieres-montar-un-meliponario-en-tu-finca-o-ciudad
0130|200|https://iwage.co/meliponas/bitacora/resultados-polinizacion-aguacate-hass
0131|200|https://iwage.co/meliponas/bitacora/resultados-polinizacion-maracuya
0132|200|https://iwage.co/meliponas/bitacora/resultados-polinizacion-mora-castilla
0134|200|https://iwage.co/meliponas/herramientas
0133|200|https://iwage.co/meliponas/contacto
0135|200|https://iwage.co/meliponas/nosotros
0136|200|https://iwage.co/meliponas/polinizacion
0137|200|https://iwage.co/meliponas/proyectos
0139|200|https://iwage.co/meliponas/proyectos/lineas/paisajismo-residencial
0138|200|https://iwage.co/meliponas/proyectos/lineas/fincas-productivas
0141|200|https://iwage.co/meliponas/proyectos/lineas/turismo-naturaleza
0140|200|https://iwage.co/meliponas/proyectos/lineas/prae-educativo
0142|200|https://iwage.co/meliponas/tienda
0144|200|https://iwage.co/meliponas/tienda/caja-af-estandar
0143|200|https://iwage.co/meliponas/tienda/asistencia-tecnica-mensual
0147|200|https://iwage.co/meliponas/tienda/kit-educativo-prae
0146|200|https://iwage.co/meliponas/tienda/caja-inpa-nogal-cafetero
0145|200|https://iwage.co/meliponas/tienda/caja-inpa-con-atril
0148|200|https://iwage.co/meliponas/tienda/kit-inicio-meliponicultor
0150|200|https://iwage.co/meliponas/trazabilidad/cajas
0149|200|https://iwage.co/meliponas/trazabilidad
0151|200|https://iwage.co/meliponas/trazabilidad/miel
0152|200|https://iwage.co/meliponas/trazabilidad/polinizacion
0153|200|https://iwage.co/naturaleza/
0154|200|https://iwage.co/naturaleza/anfitriones
0155|200|https://iwage.co/naturaleza/anfitriones/don-hernando-caficultor
0157|200|https://iwage.co/naturaleza/anfitriones/luz-elenia-herbalista
0156|200|https://iwage.co/naturaleza/anfitriones/hub
0158|200|https://iwage.co/naturaleza/ayuda
0160|200|https://iwage.co/naturaleza/contacto
0159|200|https://iwage.co/naturaleza/clasificacion
0161|200|https://iwage.co/naturaleza/escalafon
0162|200|https://iwage.co/naturaleza/experiencias
0163|200|https://iwage.co/naturaleza/experiencias/amanecer-en-el-bosque-de-niebla
0164|200|https://iwage.co/naturaleza/experiencias/jardin-medicinal-y-saberes-de-montana
0165|200|https://iwage.co/naturaleza/impacto
0168|200|https://iwage.co/tierras/
0167|200|https://iwage.co/naturaleza/se-anfitrion
0166|200|https://iwage.co/naturaleza/programas
0169|200|https://iwage.co/tierras/ayuda
0170|200|https://iwage.co/tierras/comprar
0171|200|https://iwage.co/tierras/contacto
0172|200|https://iwage.co/tierras/herramientas/calculadora-notarial
0173|200|https://iwage.co/tierras/herramientas/evaluacion-vap
0175|200|https://iwage.co/tierras/lab
0174|200|https://iwage.co/tierras/herramientas/roi-calculator
0177|200|https://iwage.co/tierras/perfiles
0176|200|https://iwage.co/tierras/nosotros
0178|200|https://iwage.co/tierras/perfiles/campestre
0180|200|https://iwage.co/tierras/perfiles/patrimonial
0179|200|https://iwage.co/tierras/perfiles/nomada
0181|200|https://iwage.co/tierras/perfiles/productivo
0182|200|https://iwage.co/tierras/perfiles/turistico
0183|200|https://iwage.co/tierras/propiedades
0184|200|https://iwage.co/tierras/protocolo-vap
0185|200|https://iwage.co/tierras/vender
